// Jest Snapshot v1, https://goo.gl/fbAQLP

exports[`A test for Rockets component Check if it renders correctly 1`] = `
<div
  className="container"
/>
`;

exports[`A test for Rockets component Check whether rocket component renders 1`] = `
<div
  className=" d-flex-space g-10 my-20"
>
  <img
    alt="rocket"
    className="logo"
  />
  <div
    className="rocket-details"
  >
    <h2
      className="rocket-name"
    />
    <p
      className="rocket-desc"
    >
       
    </p>
    <button
      className="rocket-reserve btn"
      onClick={[Function]}
      type="button"
    >
      Reserve Rocket
    </button>
  </div>
</div>
`;
